<?xml version="1.0" encoding="UTF-8"?>
<TestRun id="6f4de43f-b1bf-47c7-b18e-3223823dfd62" name="Marcio@MARCIOALTHMANN 2011-05-16 23:47:32" runUser="marcioalthmann\Marcio" xmlns="http://microsoft.com/schemas/VisualStudio/TeamTest/2010">
  <TestSettings name="Local" id="4c5d8efd-9a20-44f0-84d3-90b2f595beef">
    <Description>These are default test settings for a local test run.</Description>
    <Deployment enabled="false" runDeploymentRoot="Marcio_MARCIOALTHMANN 2011-05-16 23_47_32">
      <DeploymentItem filename="D:\Frameworks\BasicIoC\src\BasicIoC\bin\Debug\BasicIoC.dll" />
    </Deployment>
    <Execution>
      <TestTypeSpecific />
      <AgentRule name="Execution Agents">
      </AgentRule>
    </Execution>
  </TestSettings>
  <Times creation="2011-05-16T23:47:32.5838635-03:00" queuing="2011-05-16T23:47:32.6328663-03:00" start="2011-05-16T23:47:32.6608679-03:00" finish="2011-05-16T23:47:33.0568906-03:00" />
  <ResultSummary outcome="Completed">
    <Counters total="1" executed="1" passed="1" error="0" failed="0" timeout="0" aborted="0" inconclusive="0" passedButRunAborted="0" notRunnable="0" notExecuted="0" disconnected="0" warning="0" completed="0" inProgress="0" pending="0" />
  </ResultSummary>
  <TestDefinitions>
    <UnitTest name="ResolveType" storage="d:\frameworks\basicioc\src\basicioc.tests\bin\debug\basicioc.tests.dll" id="403db64d-87e9-8f44-df12-dddf2d5d8f93">
      <Execution id="b50cb195-11a8-4315-9414-f9f68ca8c184" />
      <TestMethod codeBase="D:/Frameworks/BasicIoC/src/BasicIoC.Tests/bin/Debug/BasicIoC.Tests.DLL" adapterTypeName="Microsoft.VisualStudio.TestTools.TestTypes.Unit.UnitTestAdapter, Microsoft.VisualStudio.QualityTools.Tips.UnitTest.Adapter, Version=10.0.0.0, Culture=neutral, PublicKeyToken=b03f5f7f11d50a3a" className="BasicIoC.Tests.ContainerTests, BasicIoC.Tests, Version=1.0.0.0, Culture=neutral, PublicKeyToken=null" name="ResolveType" />
    </UnitTest>
  </TestDefinitions>
  <TestLists>
    <TestList name="Results Not in a List" id="8c84fa94-04c1-424b-9868-57a2d4851a1d" />
    <TestList name="All Loaded Results" id="19431567-8539-422a-85d7-44ee4e166bda" />
  </TestLists>
  <TestEntries>
    <TestEntry testId="403db64d-87e9-8f44-df12-dddf2d5d8f93" executionId="b50cb195-11a8-4315-9414-f9f68ca8c184" testListId="8c84fa94-04c1-424b-9868-57a2d4851a1d" />
  </TestEntries>
  <Results>
    <UnitTestResult executionId="b50cb195-11a8-4315-9414-f9f68ca8c184" testId="403db64d-87e9-8f44-df12-dddf2d5d8f93" testName="ResolveType" computerName="MARCIOALTHMANN" duration="00:00:00.0239452" startTime="2011-05-16T23:47:32.6798690-03:00" endTime="2011-05-16T23:47:33.0308891-03:00" testType="13cdc9d9-ddb5-4fa4-a97d-d965ccfc6d4b" outcome="Passed" testListId="8c84fa94-04c1-424b-9868-57a2d4851a1d" relativeResultsDirectory="b50cb195-11a8-4315-9414-f9f68ca8c184">
    </UnitTestResult>
  </Results>
</TestRun>